Circuit: * C:\users\maxence\Desktop\dev\hardware\TMS\discharge.asc

Per .tran options, skipping operating point for transient analysis.
Heightened Def Con from 0.0003915 ++++++++++++++++++++++++++++++to 0.000391501
Heightened Def Con from 0.000391501 +++++++++++++++++++to 0.000391503
Heightened Def Con from 0.000391503 +++++++++to 0.000391504

Date: Mon Dec 01 20:36:23 2025
Total elapsed time: 0.027 seconds.

tnom = 27
temp = 27
method = modified trap
totiter = 10428
traniter = 10428
tranpoints = 1910
accept = 1253
rejected = 718
matrix size = 9
fillins = 0
solver = Normal
Matrix Compiler1:      24 opcodes  0.1/[0.1]/0.1
Matrix Compiler2: 593 bytes object code size  0.1/0.1/[0.1]

